<html>
<body>
<pre>
<h1>µVision Build Log</h1>
<h2>Tool Versions:</h2>
IDE-Version: ¦ÌVision V5.38.0.0
Copyright (C) 2022 ARM Ltd and ARM Germany GmbH. All rights reserved.
License Information: dog fishium, Dog, LIC=ATTQ1-CIFFL-HLICL-0XIYX-2DWAT-T9K37
 
Tool Versions:
Toolchain:       MDK-ARM Plus  Version: 5.38.0.0
Toolchain Path:  D:\Program Files\Keil_v5\ARM\ARM_Compiler_5.06u7\Bin
C Compiler:      Armcc.exe V5.06 update 7 (build 960)
Assembler:       Armasm.exe V5.06 update 7 (build 960)
Linker/Locator:  ArmLink.exe V5.06 update 7 (build 960)
Library Manager: ArmAr.exe V5.06 update 7 (build 960)
Hex Converter:   FromElf.exe V5.06 update 7 (build 960)
CPU DLL:         SARMCM3.DLL V5.38.0.0
Dialog DLL:      DCM.DLL V1.17.5.0
Target DLL:      lmidk-agdi.dll V???
Dialog DLL:      TCM.DLL V1.56.4.0
 
<h2>Project:</h2>
E:\Documents\S800\courseProject\courseProject.uvprojx
Project File Date:  06/09/2023

<h2>Output:</h2>
*** Using Compiler 'V5.06 update 7 (build 960)', folder: 'D:\Program Files\Keil_v5\ARM\ARM_Compiler_5.06u7\Bin'
Build target 'Target 1'
compiling main.c...
main.c(292): warning:  #167-D: argument of type "uint8_t *" is incompatible with parameter of type "const char *"
                  UARTStringPut((uint8_t*)"Initialize clock!\r\n");
main.c(305): warning:  #167-D: argument of type "uint8_t *" is incompatible with parameter of type "const char *"
                  UARTStringPut((uint8_t*)buffer);
main.c(310): warning:  #181-D: argument is incompatible with corresponding format string conversion
                  sscanf(set_arg_2, "%hhu.%hhu.%hhu", &year, &month, &day);
main.c(313): warning:  #167-D: argument of type "uint8_t *" is incompatible with parameter of type "const char *"
                  UARTStringPut((uint8_t*)buffer);
main.c(329): warning:  #167-D: argument of type "uint8_t *" is incompatible with parameter of type "const char *"
                  UARTStringPut((uint8_t*)buffer);
main.c(346): warning:  #167-D: argument of type "uint8_t *" is incompatible with parameter of type "const char *"
                  UARTStringPut((uint8_t*)buffer);
main.c(358): warning:  #167-D: argument of type "uint8_t *" is incompatible with parameter of type "const char *"
                  UARTStringPut((uint8_t*)buffer);
main.c(370): warning:  #167-D: argument of type "uint8_t *" is incompatible with parameter of type "const char *"
                  UARTStringPut((uint8_t*)buffer);
main.c(378): warning:  #167-D: argument of type "uint8_t *" is incompatible with parameter of type "const char *"
                  UARTStringPut((uint8_t*)buffer);
main.c(390): warning:  #167-D: argument of type "uint8_t *" is incompatible with parameter of type "const char *"
                  UARTStringPut((uint8_t*)buffer);
main.c(402): warning:  #167-D: argument of type "uint8_t *" is incompatible with parameter of type "const char *"
                  UARTStringPut((uint8_t*)buffer);
main.c(411): warning:  #167-D: argument of type "uint8_t *" is incompatible with parameter of type "const char *"
                  UARTStringPut((uint8_t*)"Display runtime!\r\n");
main.c(420): warning:  #167-D: argument of type "uint8_t *" is incompatible with parameter of type "const char *"
                  UARTStringPut((uint8_t*)"Display time!\r\n");
main.c(429): warning:  #167-D: argument of type "uint8_t *" is incompatible with parameter of type "const char *"
                  UARTStringPut((uint8_t*)"Display date!\r\n");
main.c(438): warning:  #167-D: argument of type "uint8_t *" is incompatible with parameter of type "const char *"
                  UARTStringPut((uint8_t*)"Running alarm!\r\n");
main.c(452): warning:  #167-D: argument of type "uint8_t *" is incompatible with parameter of type "const char *"
                  UARTStringPut((uint8_t*)"Run stopwatch!\r\n");
main.c(458): warning:  #167-D: argument of type "uint8_t *" is incompatible with parameter of type "const char *"
                  UARTStringPut((uint8_t*)"Reverse the display!\r\n");
main.c(474): warning:  #167-D: argument of type "uint8_t *" is incompatible with parameter of type "const char *"
                  UARTStringPut((uint8_t*)buffer);
main.c(484): warning:  #167-D: argument of type "uint8_t *" is incompatible with parameter of type "const char *"
              UARTStringPut((uint8_t*)help_msg[help_index]);
main.c(494): warning:  #167-D: argument of type "uint8_t *" is incompatible with parameter of type "const char *"
                  UARTStringPut((uint8_t*)buffer);
main.c(495): warning:  #167-D: argument of type "uint8_t *" is incompatible with parameter of type "const char *"
                  UARTStringPut((uint8_t*)help_msg[help_index]);
main.c(502): warning:  #167-D: argument of type "uint8_t *" is incompatible with parameter of type "const char *"
                  UARTStringPut((uint8_t*)buffer);
main.c(503): warning:  #167-D: argument of type "uint8_t *" is incompatible with parameter of type "const char *"
                  UARTStringPut((uint8_t*)help_msg[help_index]);
main.c(512): warning:  #167-D: argument of type "uint8_t *" is incompatible with parameter of type "const char *"
                      UARTStringPut((uint8_t*)buffer);
main.c(513): warning:  #167-D: argument of type "uint8_t *" is incompatible with parameter of type "const char *"
                      UARTStringPut((uint8_t*)help_msg[help_index]);
main.c(527): warning:  #167-D: argument of type "uint8_t *" is incompatible with parameter of type "const char *"
                      UARTStringPut((uint8_t*)buffer);
main.c(528): warning:  #167-D: argument of type "uint8_t *" is incompatible with parameter of type "const char *"
                      UARTStringPut((uint8_t*)help_msg[help_index]);
main.c(576): warning:  #167-D: argument of type "uint8_t *" is incompatible with parameter of type "const char *"
                  UARTStringPut((uint8_t*)buffer);
main.c(588): warning:  #167-D: argument of type "uint8_t *" is incompatible with parameter of type "const char *"
                  UARTStringPut((uint8_t*)buffer);
main.c(597): warning:  #167-D: argument of type "uint8_t *" is incompatible with parameter of type "const char *"
                  UARTStringPut((uint8_t*)buffer);
main.c(608): warning:  #167-D: argument of type "uint8_t *" is incompatible with parameter of type "const char *"
                  UARTStringPut((uint8_t*)buffer);
main.c(622): warning:  #167-D: argument of type "uint8_t *" is incompatible with parameter of type "const char *"
                  UARTStringPut((uint8_t*)buffer);
main.c(631): warning:  #167-D: argument of type "uint8_t *" is incompatible with parameter of type "const char *"
                  UARTStringPut((uint8_t*)buffer);
main.c(739): warning:  #167-D: argument of type "uint8_t *" is incompatible with parameter of type "const char *"
      UARTStringPut((uint8_t*)"\r\nWelcome to zyy's course project!\r\n");
main.c(766): warning:  #550-D: variable "result"  was set but never used
      uint8_t result;
main.c(886): warning:  #167-D: argument of type "uint8_t *" is incompatible with parameter of type "const char *"
          UARTStringPut((uint8_t*)buffer);
main.c(913): warning:  #550-D: variable "rop"  was set but never used
      uint8_t value, rop;
main.c(1067): warning:  #42-D: operand types are incompatible ("uint8_t *" and "int")
          if (month == 4 || month == 6 || month == 9 || month == 11) {
main.c(1067): warning:  #152-D: conversion of nonzero integer to pointer
          if (month == 4 || month == 6 || month == 9 || month == 11) {
main.c(1067): warning:  #42-D: operand types are incompatible ("uint8_t *" and "int")
          if (month == 4 || month == 6 || month == 9 || month == 11) {
main.c(1067): warning:  #152-D: conversion of nonzero integer to pointer
          if (month == 4 || month == 6 || month == 9 || month == 11) {
main.c(1067): warning:  #42-D: operand types are incompatible ("uint8_t *" and "int")
          if (month == 4 || month == 6 || month == 9 || month == 11) {
main.c(1067): warning:  #152-D: conversion of nonzero integer to pointer
          if (month == 4 || month == 6 || month == 9 || month == 11) {
main.c(1067): warning:  #42-D: operand types are incompatible ("uint8_t *" and "int")
          if (month == 4 || month == 6 || month == 9 || month == 11) {
main.c(1067): warning:  #152-D: conversion of nonzero integer to pointer
          if (month == 4 || month == 6 || month == 9 || month == 11) {
main.c(1186): warning:  #144-D: a value of type "unsigned char *" cannot be used to initialize an entity of type "char *"
      char* p = RxBuf;
main.c(1816): warning:  #177-D: variable "cMillisecond1"  was declared but never referenced
      char cMillisecond1 = ui32Millisecond1 + '0';
main.c(2072): warning:  #1-D: last line of file ends without a newline
  }
main.c: 48 warnings, 0 errors
linking...
Program Size: Code=19814 RO-data=4906 RW-data=252 ZI-data=1204  
FromELF: creating hex file...
".\Objects\courseProject.axf" - 0 Error(s), 48 Warning(s).

<h2>Software Packages used:</h2>

Package Vendor: ARM
                http://www.keil.com/pack/ARM.CMSIS.5.9.0.pack
                ARM.CMSIS.5.9.0
                CMSIS (Common Microcontroller Software Interface Standard)
   * Component: CORE Version: 5.6.0

Package Vendor: Keil
                http://www.keil.com/pack/Keil.TM4C_DFP.1.1.0.pack
                Keil.TM4C_DFP.1.1.0
                Texas Instruments Tiva C Series Device Support and Examples
   * Component: Startup Version: 1.0.0

<h2>Collection of Component include folders:</h2>
  ./RTE/_Target_1
  E:/AppData/Local/Arm/Packs/ARM/CMSIS/5.9.0/CMSIS/Core/Include
  E:/AppData/Local/Arm/Packs/Keil/TM4C_DFP/1.1.0/Device/Include/TM4C129

<h2>Collection of Component Files used:</h2>

   * Component: ARM::CMSIS:CORE:5.6.0

   * Component: Keil::Device:Startup:1.0.0
      Source file:   Device/Source/ARM/startup_TM4C129.s
      Include file:  Device/Include/TM4C129/TM4C129.h
      Source file:   Device/Source/system_TM4C129.c
Build Time Elapsed:  00:00:01
</pre>
</body>
</html>
